// Jest Snapshot v1, https://goo.gl/fbAQLP

exports[`shoul render ExpenseList with empty message  1`] = `
<div>
  <p>
    No expenses
  </p>
</div>
`;

exports[`should render expenseList with expense 1`] = `
<div>
  <ExpenseListItem
    amount={195}
    createdAt={0}
    description="Gum"
    id="1"
    index={0}
    key="1"
    note="abababado"
  />
  <ExpenseListItem
    amount={109500}
    createdAt={-345600000}
    description="Rent"
    id="2"
    index={1}
    key="2"
    note="abababado"
  />
  <ExpenseListItem
    amount={4095}
    createdAt={1000}
    description="Credit Card"
    id="3"
    index={2}
    key="3"
    note="abababado;lskdjf"
  />
</div>
`;
